Acme Corp                                               updated 5 days ago
──────────────────────────────────────────────────────────────────────────
Status   Active                      Owner    Alex Rivera
Tier     Enterprise                  Needs    ~12
Revenue  50000                       Size     200
Domains  acme.com · acme.io
External  crm-4821

https://linear.app/acme/customer/acme-corp