Checkout Runbook                                        updated 3 days ago
──────────────────────────────────────────────────────────────────────────
Project     Checkout Reliability     Creator     Alex Rivera
Updated by  Sam Lee                  Created     2026-05-10

─ Content ────────────────────────────────────────────────────────────────
Steps to follow when checkout latency spikes during peak load.

https://linear.app/acme/document/checkout-runbook